Command line invocation:
    /Applications/Xcode.app/Contents/Developer/usr/bin/xcodebuild build -project VideoCullingApp.xcodeproj -scheme VideoCullingApp -destination platform=macOS,arch=arm64

2025-11-20 08:53:37.948 xcodebuild[97097:1955583] [MT] IDERunDestination: Supported platforms for the buildables in the current scheme is empty.
ComputePackagePrebuildTargetDependencyGraph

Prepare packages

CreateBuildRequest

SendProjectDescription

CreateBuildOperation

ComputeTargetDependencyGraph
note: Building targets in dependency order
note: Target dependency graph (1 target)
    Target 'VideoCullingApp' in project 'VideoCullingApp' (no dependencies)

GatherProvisioningInputs

CreateBuildDescription

ExecuteExternalTool /Applications/Xcode.app/Contents/Developer/Toolchains/XcodeDefault.xctoolchain/usr/bin/clang -v -E -dM -isysroot /Applications/Xcode.app/Contents/Developer/Platforms/MacOSX.platform/Developer/SDKs/MacOSX26.1.sdk -x c -c /dev/null

ExecuteExternalTool /Applications/Xcode.app/Contents/Developer/usr/bin/momc --dry-run --action generate --swift-version 5.0 --sdkroot /Applications/Xcode.app/Contents/Developer/Platforms/MacOSX.platform/Developer/SDKs/MacOSX26.1.sdk --macosx-deployment-target 13.0 --module VideoCullingApp /Users/romanwilson/projects/videocull/VideoCullingApp/VideoCullingApp.xcdatamodeld /Users/romanwilson/Library/Developer/Xcode/DerivedData/VideoCullingApp-gorssjuaelhchegcjoftthvccbjj/Build/Intermediates.noindex/VideoCullingApp.build/Debug/VideoCullingApp.build/DerivedSources/CoreDataGenerated/VideoCullingApp

ExecuteExternalTool /Applications/Xcode.app/Contents/Developer/usr/bin/actool --version --output-format xml1

ExecuteExternalTool /Applications/Xcode.app/Contents/Developer/Toolchains/XcodeDefault.xctoolchain/usr/bin/swiftc --version

ExecuteExternalTool /Applications/Xcode.app/Contents/Developer/Toolchains/XcodeDefault.xctoolchain/usr/bin/ld -version_details

Build description signature: eda3e9c65c46f279ae86cbfc00481aa6
Build description path: /Users/romanwilson/Library/Developer/Xcode/DerivedData/VideoCullingApp-gorssjuaelhchegcjoftthvccbjj/Build/Intermediates.noindex/XCBuildData/eda3e9c65c46f279ae86cbfc00481aa6.xcbuilddata
ClangStatCache /Applications/Xcode.app/Contents/Developer/Toolchains/XcodeDefault.xctoolchain/usr/bin/clang-stat-cache /Applications/Xcode.app/Contents/Developer/Platforms/MacOSX.platform/Developer/SDKs/MacOSX26.1.sdk /Users/romanwilson/Library/Developer/Xcode/DerivedData/SDKStatCaches.noindex/macosx26.1-25B74-3ae1261907bdadc328169391a47051a6.sdkstatcache
    cd /Users/romanwilson/projects/videocull/VideoCullingApp/VideoCullingApp.xcodeproj
    /Applications/Xcode.app/Contents/Developer/Toolchains/XcodeDefault.xctoolchain/usr/bin/clang-stat-cache /Applications/Xcode.app/Contents/Developer/Platforms/MacOSX.platform/Developer/SDKs/MacOSX26.1.sdk -o /Users/romanwilson/Library/Developer/Xcode/DerivedData/SDKStatCaches.noindex/macosx26.1-25B74-3ae1261907bdadc328169391a47051a6.sdkstatcache

warning: Skipping duplicate build file in Copy Bundle Resources build phase: /Users/romanwilson/projects/videocull/VideoCullingApp/DefaultLuts/SLog3_SGamut3Cine 3/4_SGamut3CineSLog3_To_Cine+709.cube (in target 'VideoCullingApp' from project 'VideoCullingApp')
warning: Skipping duplicate build file in Copy Bundle Resources build phase: /Users/romanwilson/projects/videocull/VideoCullingApp/DefaultLuts/AppleLog/AppleLogToRec709-v1.0.cube (in target 'VideoCullingApp' from project 'VideoCullingApp')
warning: Skipping duplicate build file in Copy Bundle Resources build phase: /Users/romanwilson/projects/videocull/VideoCullingApp/DefaultLuts/S-Gamut_Slog2/Look_profile_for_resolve_S-Gamut_Slog2/From_SLog2SGumut_To_SLog2-709_.cube (in target 'VideoCullingApp' from project 'VideoCullingApp')
warning: Skipping duplicate build file in Copy Bundle Resources build phase: /Users/romanwilson/projects/videocull/VideoCullingApp/DefaultLuts/S-Gamut_Slog2/Look_profile_for_resolve_S-Gamut_Slog2/From_SLog2SGumut_To_Cine+709.cube (in target 'VideoCullingApp' from project 'VideoCullingApp')
warning: Skipping duplicate build file in Copy Bundle Resources build phase: /Users/romanwilson/projects/videocull/VideoCullingApp/DefaultLuts/AppleLog/AppleLogToLin-v1.0.cube (in target 'VideoCullingApp' from project 'VideoCullingApp')
warning: Skipping duplicate build file in Copy Bundle Resources build phase: /Users/romanwilson/projects/videocull/VideoCullingApp/DefaultLuts/S-Gamut_Slog2/Look_profile_for_resolve_S-Gamut_Slog2/From_SLog2SGumut_To_LC-709_.cube (in target 'VideoCullingApp' from project 'VideoCullingApp')
warning: Skipping duplicate build file in Copy Bundle Resources build phase: /Users/romanwilson/projects/videocull/VideoCullingApp/DefaultLuts/SLog3_SGamut3Cine 3/2_SGamut3CineSLog3_To_LC-709TypeA.cube (in target 'VideoCullingApp' from project 'VideoCullingApp')
warning: Skipping duplicate build file in Copy Bundle Resources build phase: /Users/romanwilson/projects/videocull/VideoCullingApp/DefaultLuts/SLog3_SGamut3Cine 3/3_SGamut3CineSLog3_To_SLog2-709.cube (in target 'VideoCullingApp' from project 'VideoCullingApp')
warning: Skipping duplicate build file in Copy Bundle Resources build phase: /Users/romanwilson/projects/videocull/VideoCullingApp/DefaultLuts/SLog3_SGamut3Cine 3/1_SGamut3CineSLog3_To_LC-709.cube (in target 'VideoCullingApp' from project 'VideoCullingApp')
warning: Skipping duplicate build file in Copy Bundle Resources build phase: /Users/romanwilson/projects/videocull/VideoCullingApp/DefaultLuts/S-Gamut_Slog2/Look_profile_for_resolve_S-Gamut_Slog2/From_SLog2SGumut_To_LC-709TypeA_.cube (in target 'VideoCullingApp' from project 'VideoCullingApp')
ProcessProductPackaging /Users/romanwilson/projects/videocull/VideoCullingApp/VideoCullingApp.entitlements /Users/romanwilson/Library/Developer/Xcode/DerivedData/VideoCullingApp-gorssjuaelhchegcjoftthvccbjj/Build/Intermediates.noindex/VideoCullingApp.build/Debug/VideoCullingApp.build/VideoCullingApp.app.xcent (in target 'VideoCullingApp' from project 'VideoCullingApp')
    cd /Users/romanwilson/projects/videocull/VideoCullingApp
    
    Entitlements:
    
    {
    "com.apple.security.app-sandbox" = 1;
    "com.apple.security.cs.allow-jit" = 1;
    "com.apple.security.cs.allow-unsigned-executable-memory" = 1;
    "com.apple.security.cs.disable-library-validation" = 1;
    "com.apple.security.files.bookmarks.app-scope" = 1;
    "com.apple.security.files.user-selected.read-write" = 1;
    "com.apple.security.get-task-allow" = 1;
    "com.apple.security.temporary-exception.files.absolute-path.read-write" =     (
        "/tmp/"
    );
}
    
    builtin-productPackagingUtility /Users/romanwilson/projects/videocull/VideoCullingApp/VideoCullingApp.entitlements -entitlements -format xml -o /Users/romanwilson/Library/Developer/Xcode/DerivedData/VideoCullingApp-gorssjuaelhchegcjoftthvccbjj/Build/Intermediates.noindex/VideoCullingApp.build/Debug/VideoCullingApp.build/VideoCullingApp.app.xcent

ProcessProductPackagingDER /Users/romanwilson/Library/Developer/Xcode/DerivedData/VideoCullingApp-gorssjuaelhchegcjoftthvccbjj/Build/Intermediates.noindex/VideoCullingApp.build/Debug/VideoCullingApp.build/VideoCullingApp.app.xcent /Users/romanwilson/Library/Developer/Xcode/DerivedData/VideoCullingApp-gorssjuaelhchegcjoftthvccbjj/Build/Intermediates.noindex/VideoCullingApp.build/Debug/VideoCullingApp.build/VideoCullingApp.app.xcent.der (in target 'VideoCullingApp' from project 'VideoCullingApp')
    cd /Users/romanwilson/projects/videocull/VideoCullingApp
    /usr/bin/derq query -f xml -i /Users/romanwilson/Library/Developer/Xcode/DerivedData/VideoCullingApp-gorssjuaelhchegcjoftthvccbjj/Build/Intermediates.noindex/VideoCullingApp.build/Debug/VideoCullingApp.build/VideoCullingApp.app.xcent -o /Users/romanwilson/Library/Developer/Xcode/DerivedData/VideoCullingApp-gorssjuaelhchegcjoftthvccbjj/Build/Intermediates.noindex/VideoCullingApp.build/Debug/VideoCullingApp.build/VideoCullingApp.app.xcent.der --raw

Ld /Users/romanwilson/Library/Developer/Xcode/DerivedData/VideoCullingApp-gorssjuaelhchegcjoftthvccbjj/Build/Products/Debug/VideoCullingApp.app/Contents/MacOS/__preview.dylib normal (in target 'VideoCullingApp' from project 'VideoCullingApp')
    cd /Users/romanwilson/projects/videocull/VideoCullingApp
    /Applications/Xcode.app/Contents/Developer/Toolchains/XcodeDefault.xctoolchain/usr/bin/clang -Xlinker -reproducible -target arm64-apple-macos13.0 -dynamiclib -isysroot /Applications/Xcode.app/Contents/Developer/Platforms/MacOSX.platform/Developer/SDKs/MacOSX26.1.sdk -O0 -L/Users/romanwilson/Library/Developer/Xcode/DerivedData/VideoCullingApp-gorssjuaelhchegcjoftthvccbjj/Build/Products/Debug -F/Users/romanwilson/Library/Developer/Xcode/DerivedData/VideoCullingApp-gorssjuaelhchegcjoftthvccbjj/Build/Products/Debug -install_name @rpath/VideoCullingApp.debug.dylib -rdynamic -Xlinker -no_deduplicate -Xlinker -debug_variant -Xlinker -dependency_info -Xlinker /Users/romanwilson/Library/Developer/Xcode/DerivedData/VideoCullingApp-gorssjuaelhchegcjoftthvccbjj/Build/Intermediates.noindex/VideoCullingApp.build/Debug/VideoCullingApp.build/Objects-normal/arm64/VideoCullingApp_dependency_info.dat -Xlinker -no_adhoc_codesign -o /Users/romanwilson/Library/Developer/Xcode/DerivedData/VideoCullingApp-gorssjuaelhchegcjoftthvccbjj/Build/Products/Debug/VideoCullingApp.app/Contents/MacOS/__preview.dylib

Ld /Users/romanwilson/Library/Developer/Xcode/DerivedData/VideoCullingApp-gorssjuaelhchegcjoftthvccbjj/Build/Products/Debug/VideoCullingApp.app/Contents/MacOS/VideoCullingApp.debug.dylib normal (in target 'VideoCullingApp' from project 'VideoCullingApp')
    cd /Users/romanwilson/projects/videocull/VideoCullingApp
    /Applications/Xcode.app/Contents/Developer/Toolchains/XcodeDefault.xctoolchain/usr/bin/clang -Xlinker -reproducible -target arm64-apple-macos13.0 -dynamiclib -isysroot /Applications/Xcode.app/Contents/Developer/Platforms/MacOSX.platform/Developer/SDKs/MacOSX26.1.sdk -O0 -L/Users/romanwilson/Library/Developer/Xcode/DerivedData/VideoCullingApp-gorssjuaelhchegcjoftthvccbjj/Build/Intermediates.noindex/EagerLinkingTBDs/Debug -L/Users/romanwilson/Library/Developer/Xcode/DerivedData/VideoCullingApp-gorssjuaelhchegcjoftthvccbjj/Build/Products/Debug -F/Users/romanwilson/Library/Developer/Xcode/DerivedData/VideoCullingApp-gorssjuaelhchegcjoftthvccbjj/Build/Intermediates.noindex/EagerLinkingTBDs/Debug -F/Users/romanwilson/Library/Developer/Xcode/DerivedData/VideoCullingApp-gorssjuaelhchegcjoftthvccbjj/Build/Products/Debug -filelist /Users/romanwilson/Library/Developer/Xcode/DerivedData/VideoCullingApp-gorssjuaelhchegcjoftthvccbjj/Build/Intermediates.noindex/VideoCullingApp.build/Debug/VideoCullingApp.build/Objects-normal/arm64/VideoCullingApp.LinkFileList -install_name @rpath/VideoCullingApp.debug.dylib -Xlinker -rpath -Xlinker /usr/lib/swift -Xlinker -rpath -Xlinker @executable_path/../Frameworks -Xlinker -object_path_lto -Xlinker /Users/romanwilson/Library/Developer/Xcode/DerivedData/VideoCullingApp-gorssjuaelhchegcjoftthvccbjj/Build/Intermediates.noindex/VideoCullingApp.build/Debug/VideoCullingApp.build/Objects-normal/arm64/VideoCullingApp_lto.o -rdynamic -Xlinker -no_deduplicate -Xlinker -debug_variant -Xlinker -dependency_info -Xlinker /Users/romanwilson/Library/Developer/Xcode/DerivedData/VideoCullingApp-gorssjuaelhchegcjoftthvccbjj/Build/Intermediates.noindex/VideoCullingApp.build/Debug/VideoCullingApp.build/Objects-normal/arm64/VideoCullingApp_dependency_info.dat -fobjc-link-runtime -fprofile-instr-generate -L/Applications/Xcode.app/Contents/Developer/Toolchains/XcodeDefault.xctoolchain/usr/lib/swift/macosx -L/usr/lib/swift -Xlinker -add_ast_path -Xlinker /Users/romanwilson/Library/Developer/Xcode/DerivedData/VideoCullingApp-gorssjuaelhchegcjoftthvccbjj/Build/Intermediates.noindex/VideoCullingApp.build/Debug/VideoCullingApp.build/Objects-normal/arm64/VideoCullingApp.swiftmodule @/Users/romanwilson/Library/Developer/Xcode/DerivedData/VideoCullingApp-gorssjuaelhchegcjoftthvccbjj/Build/Intermediates.noindex/VideoCullingApp.build/Debug/VideoCullingApp.build/Objects-normal/arm64/VideoCullingApp-linker-args.resp -Xlinker -alias -Xlinker _main -Xlinker ___debug_main_executable_dylib_entry_point -Xlinker -no_adhoc_codesign -o /Users/romanwilson/Library/Developer/Xcode/DerivedData/VideoCullingApp-gorssjuaelhchegcjoftthvccbjj/Build/Products/Debug/VideoCullingApp.app/Contents/MacOS/VideoCullingApp.debug.dylib

ProcessInfoPlistFile /Users/romanwilson/Library/Developer/Xcode/DerivedData/VideoCullingApp-gorssjuaelhchegcjoftthvccbjj/Build/Products/Debug/VideoCullingApp.app/Contents/Info.plist /Users/romanwilson/projects/videocull/VideoCullingApp/Info.plist (in target 'VideoCullingApp' from project 'VideoCullingApp')
    cd /Users/romanwilson/projects/videocull/VideoCullingApp
    builtin-infoPlistUtility /Users/romanwilson/projects/videocull/VideoCullingApp/Info.plist -producttype com.apple.product-type.application -genpkginfo /Users/romanwilson/Library/Developer/Xcode/DerivedData/VideoCullingApp-gorssjuaelhchegcjoftthvccbjj/Build/Products/Debug/VideoCullingApp.app/Contents/PkgInfo -expandbuildsettings -platform macosx -additionalcontentfile /Users/romanwilson/Library/Developer/Xcode/DerivedData/VideoCullingApp-gorssjuaelhchegcjoftthvccbjj/Build/Intermediates.noindex/VideoCullingApp.build/Debug/VideoCullingApp.build/assetcatalog_generated_info.plist -o /Users/romanwilson/Library/Developer/Xcode/DerivedData/VideoCullingApp-gorssjuaelhchegcjoftthvccbjj/Build/Products/Debug/VideoCullingApp.app/Contents/Info.plist

ConstructStubExecutorLinkFileList /Users/romanwilson/Library/Developer/Xcode/DerivedData/VideoCullingApp-gorssjuaelhchegcjoftthvccbjj/Build/Intermediates.noindex/VideoCullingApp.build/Debug/VideoCullingApp.build/VideoCullingApp-ExecutorLinkFileList-normal-arm64.txt (in target 'VideoCullingApp' from project 'VideoCullingApp')
    cd /Users/romanwilson/projects/videocull/VideoCullingApp
    construct-stub-executor-link-file-list /Users/romanwilson/Library/Developer/Xcode/DerivedData/VideoCullingApp-gorssjuaelhchegcjoftthvccbjj/Build/Products/Debug/VideoCullingApp.app/Contents/MacOS/VideoCullingApp.debug.dylib /Applications/Xcode.app/Contents/Developer/Platforms/MacOSX.platform/Developer/usr/lib/libPreviewsJITStubExecutor_no_swift_entry_point.a /Applications/Xcode.app/Contents/Developer/Platforms/MacOSX.platform/Developer/usr/lib/libPreviewsJITStubExecutor.a --output /Users/romanwilson/Library/Developer/Xcode/DerivedData/VideoCullingApp-gorssjuaelhchegcjoftthvccbjj/Build/Intermediates.noindex/VideoCullingApp.build/Debug/VideoCullingApp.build/VideoCullingApp-ExecutorLinkFileList-normal-arm64.txt
note: Using stub executor library with Swift entry point. (in target 'VideoCullingApp' from project 'VideoCullingApp')

Ld /Users/romanwilson/Library/Developer/Xcode/DerivedData/VideoCullingApp-gorssjuaelhchegcjoftthvccbjj/Build/Products/Debug/VideoCullingApp.app/Contents/MacOS/VideoCullingApp normal (in target 'VideoCullingApp' from project 'VideoCullingApp')
    cd /Users/romanwilson/projects/videocull/VideoCullingApp
    /Applications/Xcode.app/Contents/Developer/Toolchains/XcodeDefault.xctoolchain/usr/bin/clang -Xlinker -reproducible -target arm64-apple-macos13.0 -isysroot /Applications/Xcode.app/Contents/Developer/Platforms/MacOSX.platform/Developer/SDKs/MacOSX26.1.sdk -O0 -L/Users/romanwilson/Library/Developer/Xcode/DerivedData/VideoCullingApp-gorssjuaelhchegcjoftthvccbjj/Build/Products/Debug -F/Users/romanwilson/Library/Developer/Xcode/DerivedData/VideoCullingApp-gorssjuaelhchegcjoftthvccbjj/Build/Products/Debug -Xlinker -rpath -Xlinker @executable_path -Xlinker -rpath -Xlinker @executable_path/../Frameworks -rdynamic -Xlinker -no_deduplicate -Xlinker -debug_variant -e ___debug_blank_executor_main -Xlinker -sectcreate -Xlinker __TEXT -Xlinker __debug_dylib -Xlinker /Users/romanwilson/Library/Developer/Xcode/DerivedData/VideoCullingApp-gorssjuaelhchegcjoftthvccbjj/Build/Intermediates.noindex/VideoCullingApp.build/Debug/VideoCullingApp.build/VideoCullingApp-DebugDylibPath-normal-arm64.txt -Xlinker -sectcreate -Xlinker __TEXT -Xlinker __debug_instlnm -Xlinker /Users/romanwilson/Library/Developer/Xcode/DerivedData/VideoCullingApp-gorssjuaelhchegcjoftthvccbjj/Build/Intermediates.noindex/VideoCullingApp.build/Debug/VideoCullingApp.build/VideoCullingApp-DebugDylibInstallName-normal-arm64.txt -Xlinker -filelist -Xlinker /Users/romanwilson/Library/Developer/Xcode/DerivedData/VideoCullingApp-gorssjuaelhchegcjoftthvccbjj/Build/Intermediates.noindex/VideoCullingApp.build/Debug/VideoCullingApp.build/VideoCullingApp-ExecutorLinkFileList-normal-arm64.txt /Users/romanwilson/Library/Developer/Xcode/DerivedData/VideoCullingApp-gorssjuaelhchegcjoftthvccbjj/Build/Products/Debug/VideoCullingApp.app/Contents/MacOS/VideoCullingApp.debug.dylib -Xlinker -no_adhoc_codesign -o /Users/romanwilson/Library/Developer/Xcode/DerivedData/VideoCullingApp-gorssjuaelhchegcjoftthvccbjj/Build/Products/Debug/VideoCullingApp.app/Contents/MacOS/VideoCullingApp

CopySwiftLibs /Users/romanwilson/Library/Developer/Xcode/DerivedData/VideoCullingApp-gorssjuaelhchegcjoftthvccbjj/Build/Products/Debug/VideoCullingApp.app (in target 'VideoCullingApp' from project 'VideoCullingApp')
    cd /Users/romanwilson/projects/videocull/VideoCullingApp
    builtin-swiftStdLibTool --copy --verbose --sign E5E5AE4860F82F4502BCC517F390F94686ED2F95 --scan-executable /Users/romanwilson/Library/Developer/Xcode/DerivedData/VideoCullingApp-gorssjuaelhchegcjoftthvccbjj/Build/Products/Debug/VideoCullingApp.app/Contents/MacOS/VideoCullingApp.debug.dylib --scan-folder /Users/romanwilson/Library/Developer/Xcode/DerivedData/VideoCullingApp-gorssjuaelhchegcjoftthvccbjj/Build/Products/Debug/VideoCullingApp.app/Contents/Frameworks --scan-folder /Users/romanwilson/Library/Developer/Xcode/DerivedData/VideoCullingApp-gorssjuaelhchegcjoftthvccbjj/Build/Products/Debug/VideoCullingApp.app/Contents/PlugIns --scan-folder /Users/romanwilson/Library/Developer/Xcode/DerivedData/VideoCullingApp-gorssjuaelhchegcjoftthvccbjj/Build/Products/Debug/VideoCullingApp.app/Contents/Library/SystemExtensions --scan-folder /Users/romanwilson/Library/Developer/Xcode/DerivedData/VideoCullingApp-gorssjuaelhchegcjoftthvccbjj/Build/Products/Debug/VideoCullingApp.app/Contents/Extensions --platform macosx --toolchain /Applications/Xcode.app/Contents/Developer/Toolchains/XcodeDefault.xctoolchain --destination /Users/romanwilson/Library/Developer/Xcode/DerivedData/VideoCullingApp-gorssjuaelhchegcjoftthvccbjj/Build/Products/Debug/VideoCullingApp.app/Contents/Frameworks --strip-bitcode --strip-bitcode-tool /Applications/Xcode.app/Contents/Developer/Toolchains/XcodeDefault.xctoolchain/usr/bin/bitcode_strip --emit-dependency-info /Users/romanwilson/Library/Developer/Xcode/DerivedData/VideoCullingApp-gorssjuaelhchegcjoftthvccbjj/Build/Intermediates.noindex/VideoCullingApp.build/Debug/VideoCullingApp.build/SwiftStdLibToolInputDependencies.dep --filter-for-swift-os --back-deploy-swift-span

ExtractAppIntentsMetadata (in target 'VideoCullingApp' from project 'VideoCullingApp')
    cd /Users/romanwilson/projects/videocull/VideoCullingApp
    /Applications/Xcode.app/Contents/Developer/Toolchains/XcodeDefault.xctoolchain/usr/bin/appintentsmetadataprocessor --toolchain-dir /Applications/Xcode.app/Contents/Developer/Toolchains/XcodeDefault.xctoolchain --module-name VideoCullingApp --sdk-root /Applications/Xcode.app/Contents/Developer/Platforms/MacOSX.platform/Developer/SDKs/MacOSX26.1.sdk --xcode-version 17B100 --platform-family macOS --deployment-target 13.0 --bundle-identifier ai.careernudge.VideoCullingApp --output /Users/romanwilson/Library/Developer/Xcode/DerivedData/VideoCullingApp-gorssjuaelhchegcjoftthvccbjj/Build/Products/Debug/VideoCullingApp.app/Contents/Resources --target-triple arm64-apple-macos13.0 --binary-file /Users/romanwilson/Library/Developer/Xcode/DerivedData/VideoCullingApp-gorssjuaelhchegcjoftthvccbjj/Build/Products/Debug/VideoCullingApp.app/Contents/MacOS/VideoCullingApp --dependency-file /Users/romanwilson/Library/Developer/Xcode/DerivedData/VideoCullingApp-gorssjuaelhchegcjoftthvccbjj/Build/Intermediates.noindex/VideoCullingApp.build/Debug/VideoCullingApp.build/Objects-normal/arm64/VideoCullingApp_dependency_info.dat --stringsdata-file /Users/romanwilson/Library/Developer/Xcode/DerivedData/VideoCullingApp-gorssjuaelhchegcjoftthvccbjj/Build/Intermediates.noindex/VideoCullingApp.build/Debug/VideoCullingApp.build/Objects-normal/arm64/ExtractedAppShortcutsMetadata.stringsdata --source-file-list /Users/romanwilson/Library/Developer/Xcode/DerivedData/VideoCullingApp-gorssjuaelhchegcjoftthvccbjj/Build/Intermediates.noindex/VideoCullingApp.build/Debug/VideoCullingApp.build/Objects-normal/arm64/VideoCullingApp.SwiftFileList --metadata-file-list /Users/romanwilson/Library/Developer/Xcode/DerivedData/VideoCullingApp-gorssjuaelhchegcjoftthvccbjj/Build/Intermediates.noindex/VideoCullingApp.build/Debug/VideoCullingApp.build/VideoCullingApp.DependencyMetadataFileList --static-metadata-file-list /Users/romanwilson/Library/Developer/Xcode/DerivedData/VideoCullingApp-gorssjuaelhchegcjoftthvccbjj/Build/Intermediates.noindex/VideoCullingApp.build/Debug/VideoCullingApp.build/VideoCullingApp.DependencyStaticMetadataFileList --swift-const-vals-list /Users/romanwilson/Library/Developer/Xcode/DerivedData/VideoCullingApp-gorssjuaelhchegcjoftthvccbjj/Build/Intermediates.noindex/VideoCullingApp.build/Debug/VideoCullingApp.build/Objects-normal/arm64/VideoCullingApp.SwiftConstValuesFileList --compile-time-extraction --deployment-aware-processing --validate-assistant-intents --no-app-shortcuts-localization
2025-11-20 08:53:38.907 appintentsmetadataprocessor[97115:1955806] Starting appintentsmetadataprocessor export
2025-11-20 08:53:38.908 appintentsmetadataprocessor[97115:1955806] warning: Metadata extraction skipped. No AppIntents.framework dependency found.

CodeSign /Users/romanwilson/Library/Developer/Xcode/DerivedData/VideoCullingApp-gorssjuaelhchegcjoftthvccbjj/Build/Products/Debug/VideoCullingApp.app/Contents/MacOS/VideoCullingApp.debug.dylib (in target 'VideoCullingApp' from project 'VideoCullingApp')
    cd /Users/romanwilson/projects/videocull/VideoCullingApp
    
    Signing Identity:     "Developer ID Application: Nudge AI, LLC (TF3755U948)"
    
    /usr/bin/codesign --force --sign E5E5AE4860F82F4502BCC517F390F94686ED2F95 --requirements \=designated\ \=\>\ anchor\ apple\ generic\ \ and\ identifier\ \"\$self.identifier\"\ and\ \(\(cert\ leaf\[field.1.2.840.113635.100.6.1.9\]\ exists\)\ or\ \(\ certificate\ 1\[field.1.2.840.113635.100.6.2.6\]\ exists\ and\ certificate\ leaf\[field.1.2.840.113635.100.6.1.13\]\ exists\ \ and\ certificate\ leaf\[subject.OU\]\ \=\ \"TF3755U948\"\ \)\) --timestamp\=none --generate-entitlement-der /Users/romanwilson/Library/Developer/Xcode/DerivedData/VideoCullingApp-gorssjuaelhchegcjoftthvccbjj/Build/Products/Debug/VideoCullingApp.app/Contents/MacOS/VideoCullingApp.debug.dylib

CodeSign /Users/romanwilson/Library/Developer/Xcode/DerivedData/VideoCullingApp-gorssjuaelhchegcjoftthvccbjj/Build/Products/Debug/VideoCullingApp.app/Contents/MacOS/__preview.dylib (in target 'VideoCullingApp' from project 'VideoCullingApp')
    cd /Users/romanwilson/projects/videocull/VideoCullingApp
    
    Signing Identity:     "Developer ID Application: Nudge AI, LLC (TF3755U948)"
    
    /usr/bin/codesign --force --sign E5E5AE4860F82F4502BCC517F390F94686ED2F95 --requirements \=designated\ \=\>\ anchor\ apple\ generic\ \ and\ identifier\ \"\$self.identifier\"\ and\ \(\(cert\ leaf\[field.1.2.840.113635.100.6.1.9\]\ exists\)\ or\ \(\ certificate\ 1\[field.1.2.840.113635.100.6.2.6\]\ exists\ and\ certificate\ leaf\[field.1.2.840.113635.100.6.1.13\]\ exists\ \ and\ certificate\ leaf\[subject.OU\]\ \=\ \"TF3755U948\"\ \)\) --timestamp\=none --generate-entitlement-der /Users/romanwilson/Library/Developer/Xcode/DerivedData/VideoCullingApp-gorssjuaelhchegcjoftthvccbjj/Build/Products/Debug/VideoCullingApp.app/Contents/MacOS/__preview.dylib

CodeSign /Users/romanwilson/Library/Developer/Xcode/DerivedData/VideoCullingApp-gorssjuaelhchegcjoftthvccbjj/Build/Products/Debug/VideoCullingApp.app (in target 'VideoCullingApp' from project 'VideoCullingApp')
    cd /Users/romanwilson/projects/videocull/VideoCullingApp
    
    Signing Identity:     "Developer ID Application: Nudge AI, LLC (TF3755U948)"
    
    /usr/bin/codesign --force --sign E5E5AE4860F82F4502BCC517F390F94686ED2F95 --entitlements /Users/romanwilson/Library/Developer/Xcode/DerivedData/VideoCullingApp-gorssjuaelhchegcjoftthvccbjj/Build/Intermediates.noindex/VideoCullingApp.build/Debug/VideoCullingApp.build/VideoCullingApp.app.xcent --requirements \=designated\ \=\>\ anchor\ apple\ generic\ \ and\ identifier\ \"\$self.identifier\"\ and\ \(\(cert\ leaf\[field.1.2.840.113635.100.6.1.9\]\ exists\)\ or\ \(\ certificate\ 1\[field.1.2.840.113635.100.6.2.6\]\ exists\ and\ certificate\ leaf\[field.1.2.840.113635.100.6.1.13\]\ exists\ \ and\ certificate\ leaf\[subject.OU\]\ \=\ \"TF3755U948\"\ \)\) --timestamp\=none --generate-entitlement-der /Users/romanwilson/Library/Developer/Xcode/DerivedData/VideoCullingApp-gorssjuaelhchegcjoftthvccbjj/Build/Products/Debug/VideoCullingApp.app

Validate /Users/romanwilson/Library/Developer/Xcode/DerivedData/VideoCullingApp-gorssjuaelhchegcjoftthvccbjj/Build/Products/Debug/VideoCullingApp.app (in target 'VideoCullingApp' from project 'VideoCullingApp')
    cd /Users/romanwilson/projects/videocull/VideoCullingApp
    builtin-validationUtility /Users/romanwilson/Library/Developer/Xcode/DerivedData/VideoCullingApp-gorssjuaelhchegcjoftthvccbjj/Build/Products/Debug/VideoCullingApp.app -no-validate-extension -infoplist-subpath Contents/Info.plist

RegisterWithLaunchServices /Users/romanwilson/Library/Developer/Xcode/DerivedData/VideoCullingApp-gorssjuaelhchegcjoftthvccbjj/Build/Products/Debug/VideoCullingApp.app (in target 'VideoCullingApp' from project 'VideoCullingApp')
    cd /Users/romanwilson/projects/videocull/VideoCullingApp
    /System/Library/Frameworks/CoreServices.framework/Versions/Current/Frameworks/LaunchServices.framework/Versions/Current/Support/lsregister -f -R -trusted /Users/romanwilson/Library/Developer/Xcode/DerivedData/VideoCullingApp-gorssjuaelhchegcjoftthvccbjj/Build/Products/Debug/VideoCullingApp.app

** BUILD SUCCEEDED **

